
> stacker-r1@1.0.0 tsc
> tsc

app/index.tsx(949,17): error TS2322: Type '{ ref: RefObject<any>; data: Date[]; extraData: CalendarItem[]; estimatedItemSize: number; keyExtractor: (item: Date) => string; scrollEnabled: boolean; contentContainerStyle: { ...; }; renderItem: ({ item: date }: ListRenderItemInfo<...>) => Element; }' is not assignable to type 'IntrinsicAttributes & FlashListProps<Date> & { ref?: Ref<FlashListRef<Date>>; }'.
  Property 'estimatedItemSize' does not exist on type 'IntrinsicAttributes & FlashListProps<Date> & { ref?: Ref<FlashListRef<Date>>; }'.
src/components/editor/types.ts(1,22): error TS2307: Cannot find module '../../../features/tasks/types' or its corresponding type declarations.
src/features/tasks/hooks/useTaskForm.ts(3,32): error TS2307: Cannot find module '../../../../services/storage' or its corresponding type declarations.
src/features/tasks/hooks/useTasks.ts(18,18): error TS2345: Argument of type 'Task[]' is not assignable to parameter of type 'SetStateAction<Task[]>'.
  Type 'import("C:/Calendar App R1/src/features/tasks/types").Task[]' is not assignable to type 'import("C:/Calendar App R1/src/core/types").Task[]'.
    Type 'Task' is missing the following properties from type 'Task': isCompleted, createdAt, updatedAt
src/features/tasks/hooks/useTasks.ts(36,38): error TS2345: Argument of type 'import("C:/Calendar App R1/src/core/types").Task[]' is not assignable to parameter of type 'import("C:/Calendar App R1/src/features/tasks/types").Task[]'.
  Type 'import("C:/Calendar App R1/src/core/types").Task' is not assignable to type 'import("C:/Calendar App R1/src/features/tasks/types").Task'.
    The types of 'recurrence.daysOfWeek' are incompatible between these types.
      Type 'number[]' is not assignable to type 'WeekDay[]'.
        Type 'number' is not assignable to type 'WeekDay'.
src/features/tasks/hooks/useTasks.ts(42,38): error TS2345: Argument of type 'import("C:/Calendar App R1/src/core/types").Task[]' is not assignable to parameter of type 'import("C:/Calendar App R1/src/features/tasks/types").Task[]'.
  Type 'import("C:/Calendar App R1/src/core/types").Task' is not assignable to type 'import("C:/Calendar App R1/src/features/tasks/types").Task'.
    The types of 'recurrence.daysOfWeek' are incompatible between these types.
      Type 'number[]' is not assignable to type 'WeekDay[]'.
        Type 'number' is not assignable to type 'WeekDay'.
src/features/tasks/hooks/useTasks.ts(48,38): error TS2345: Argument of type 'import("C:/Calendar App R1/src/core/types").Task[]' is not assignable to parameter of type 'import("C:/Calendar App R1/src/features/tasks/types").Task[]'.
  Type 'import("C:/Calendar App R1/src/core/types").Task' is not assignable to type 'import("C:/Calendar App R1/src/features/tasks/types").Task'.
    The types of 'recurrence.daysOfWeek' are incompatible between these types.
      Type 'number[]' is not assignable to type 'WeekDay[]'.
        Type 'number' is not assignable to type 'WeekDay'.
src/features/tasks/hooks/useTasks.ts(96,42): error TS2345: Argument of type 'import("C:/Calendar App R1/src/core/types").Task[]' is not assignable to parameter of type 'import("C:/Calendar App R1/src/features/tasks/types").Task[]'.
  Type 'import("C:/Calendar App R1/src/core/types").Task' is not assignable to type 'import("C:/Calendar App R1/src/features/tasks/types").Task'.
    The types of 'recurrence.daysOfWeek' are incompatible between these types.
      Type 'number[]' is not assignable to type 'WeekDay[]'.
        Type 'number' is not assignable to type 'WeekDay'.
src/features/tasks/hooks/useTasks.ts(123,42): error TS2345: Argument of type 'import("C:/Calendar App R1/src/core/types").Task[]' is not assignable to parameter of type 'import("C:/Calendar App R1/src/features/tasks/types").Task[]'.
  Type 'import("C:/Calendar App R1/src/core/types").Task' is not assignable to type 'import("C:/Calendar App R1/src/features/tasks/types").Task'.
    The types of 'recurrence.daysOfWeek' are incompatible between these types.
      Type 'number[]' is not assignable to type 'WeekDay[]'.
        Type 'number' is not assignable to type 'WeekDay'.
